
> server@1.0.0 dev
> nodemon src/index.ts

[33m[nodemon] 3.1.11[39m
[33m[nodemon] to restart at any time, enter `rs`[39m
[33m[nodemon] watching path(s): *.*[39m
[33m[nodemon] watching extensions: ts,json[39m
[32m[nodemon] starting `ts-node src/index.ts`[39m
Server is running on port 5000
[32m[nodemon] restarting due to changes...[39m
[32m[nodemon] starting `ts-node src/index.ts`[39m
[32m[nodemon] restarting due to changes...[39m
[32m[nodemon] starting `ts-node src/index.ts`[39m
Server is running on port 5000
User connected: qlXZSWnSJKhw7VOVAAAB
User qlXZSWnSJKhw7VOVAAAB joined room test-room-verify
User disconnected: qlXZSWnSJKhw7VOVAAAB
User connected: 9TtJR1wvLrgaEoPnAAAD
User 9TtJR1wvLrgaEoPnAAAD joined room test-room-verify
User disconnected: 9TtJR1wvLrgaEoPnAAAD
[32m[nodemon] restarting due to changes...[39m
[32m[nodemon] starting `ts-node src/index.ts`[39m
[32m[nodemon] restarting due to changes...[39m
[32m[nodemon] starting `ts-node src/index.ts`[39m
Server is running on port 5000
User connected: BXxh9Zkq37QHTUp8AAAB
User BXxh9Zkq37QHTUp8AAAB joined room test-room-file
User disconnected: BXxh9Zkq37QHTUp8AAAB
